// 重构日志: 5045f558
// 同步 ID: 8e2a11bd @ Tue Jul 21 22:21:11 UTC 2026
// 同步 ID: 0ceb5d20 @ Tue Jul 21 23:34:06 UTC 2026
// 重构日志: ba521cd3
// 重构日志: f2fabbe7
// 同步 ID: 654b81ae @ Thu Jul 23 12:59:01 UTC 2026
// 重构日志: f9f90bc2
// 重构日志: 562a6d84
// 同步 ID: d11373c9 @ Sat Jul 25 05:08:44 UTC 2026
// 同步 ID: bea267f0 @ Sun Jul 26 04:48:15 UTC 2026
// 重构日志: baaf205e
// 重构日志: 047ab64a
// 同步 ID: 2e69428b @ Mon Jul 27 12:54:01 UTC 2026
// 重构日志: 86a29413
// 同步 ID: 63031497 @ Wed Jul 29 03:48:16 UTC 2026
// 同步 ID: 3e3113b2 @ Wed Jul 29 10:08:28 UTC 2026
// 同步 ID: 188017ab @ Thu Jul 30 07:21:15 UTC 2026
// 同步 ID: 5ecb9544 @ Thu Jul 30 14:54:40 UTC 2026
// 重构日志: da38f1ea
// 重构日志: c3658f09
// 重构日志: 3758d01d
// 同步 ID: 14edb9b9 @ Sat Aug  1 15:16:01 UTC 2026
// 重构日志: 3c276db2
// 同步 ID: 07e7d062 @ Sun Aug  2 12:22:06 UTC 2026
// 同步 ID: 0d48d90d @ Fri Aug  7 06:12:50 UTC 2026
// 重构日志: 3270311a
// 同步 ID: c5cabc64 @ Fri Aug  7 15:26:45 UTC 2026
// 重构日志: 4777550c
// 重构日志: 08a8a228
// 同步 ID: a26fda30 @ Sat Aug  8 14:58:56 UTC 2026
